// Jest Snapshot v1, https://goo.gl/fbAQLP

exports[`renders Header 1`] = `
<nav
  className="navbar navbar-expand-lg navbar-dark bg-dark fixed-top"
>
  <a
    className="navbar-brand"
    href="/"
  >
    Users Search Engine
  </a>
  <button
    aria-controls="navbarSupportedContent"
    aria-expanded="false"
    aria-label="Toggle navigation"
    className="navbar-toggler"
    data-target="#navbarSupportedContent"
    data-toggle="collapse"
    type="button"
  >
    <span
      className="navbar-toggler-icon"
    />
  </button>
  <div
    className="collapse navbar-collapse"
    id="navbarSupportedContent"
  >
    <ul
      className="navbar-nav mr-auto"
    >
      <li
        className="nav-item active"
      >
        <a
          className="nav-link"
          href="/"
        >
          Home
          <span
            className="sr-only"
          >
            (current)
          </span>
        </a>
      </li>
      <li
        className="nav-item active"
      >
        <a
          className="nav-link"
          to="/users"
        >
          Users
          <span
            className="sr-only"
          >
            (current)
          </span>
        </a>
      </li>
      <li
        className="nav-item active"
      >
        <a
          className="nav-link"
          to="/settings"
        >
          Settings
          <span
            className="sr-only"
          >
            (current)
          </span>
        </a>
      </li>
    </ul>
    <SearchBar />
  </div>
</nav>
`;
