// Jest Snapshot v1, https://goo.gl/fbAQLP

exports[`renders Navigations 1`] = `
<div
  className="makeStyles-root-1"
>
  <TopNav />
  <Sidebar />
</div>
`;
